// Jest Snapshot v1, https://goo.gl/fbAQLP

exports[`AppFeatureController (e2e) Should not receive Incoming App Event Webhooks by default 1`] = `[Error: cannot POST /api/app/1/webhook/event (400)]`;

exports[`AppFeatureController (e2e) Should not receive Incoming App Verify Webhooks by default 1`] = `[Error: cannot POST /api/app/1/webhook/verify (400)]`;

exports[`AppFeatureController (e2e) Should not receive unknown Incoming App Webhooks  1`] = `
Object {
  "message": "Unknown AppWebhookType",
  "name": "BadRequestException",
  "response": Object {
    "error": "Bad Request",
    "message": "Unknown AppWebhookType",
    "statusCode": 400,
  },
  "status": 400,
}
`;
